Command line invocation:
    /Applications/Xcode.app/Contents/Developer/usr/bin/xcodebuild -scheme ItaBinder -sdk iphoneos -configuration Debug build CODE_SIGNING_ALLOWED=NO

Build settings from command line:
    CODE_SIGNING_ALLOWED = NO
    SDKROOT = iphoneos26.2

Resolve Package Graph


Resolved source packages:
  OpenCV: https://github.com/yeatse/OpenCV-SPM @ 4.13.0

--- xcodebuild: WARNING: Using the first of multiple matching destinations:
{ platform:iOS, id:dvtdevice-DVTiPhonePlaceholder-iphoneos:placeholder, name:Any iOS Device }
{ platform:macOS, arch:arm64, variant:Designed for [iPad,iPhone], id:00008103-001845063E2B401E, name:My Mac }
{ platform:iOS Simulator, id:dvtdevice-DVTiOSDeviceSimulatorPlaceholder-iphonesimulator:placeholder, name:Any iOS Simulator Device }
{ platform:iOS Simulator, arch:arm64, id:98ADCAFC-FC18-4FC8-97B6-B06F1F12655A, OS:18.4, name:ItaBinder-Test-Device }
{ platform:iOS Simulator, arch:x86_64, id:98ADCAFC-FC18-4FC8-97B6-B06F1F12655A, OS:18.4, name:ItaBinder-Test-Device }
{ platform:iOS Simulator, arch:arm64, id:D3902294-7B43-409A-A438-D28C6D9718BE, OS:18.4, name:iPad (A16) }
{ platform:iOS Simulator, arch:x86_64, id:D3902294-7B43-409A-A438-D28C6D9718BE, OS:18.4, name:iPad (A16) }
{ platform:iOS Simulator, arch:arm64, id:FD37A74A-570A-419A-AA43-173F96CC6287, OS:26.3.1, name:iPad (A16) }
{ platform:iOS Simulator, arch:arm64, id:71DBC6B0-009E-4894-8D4C-C366AA7794B0, OS:18.4, name:iPad Air 11-inch (M3) }
{ platform:iOS Simulator, arch:x86_64, id:71DBC6B0-009E-4894-8D4C-C366AA7794B0, OS:18.4, name:iPad Air 11-inch (M3) }
{ platform:iOS Simulator, arch:arm64, id:3F3D8C56-B6C2-44DC-8A71-09B69B4D7424, OS:26.3.1, name:iPad Air 11-inch (M3) }
{ platform:iOS Simulator, arch:arm64, id:9AA6BB1B-9E6E-4A17-8079-B3A27D62C268, OS:18.4, name:iPad Air 13-inch (M3) }
{ platform:iOS Simulator, arch:x86_64, id:9AA6BB1B-9E6E-4A17-8079-B3A27D62C268, OS:18.4, name:iPad Air 13-inch (M3) }
{ platform:iOS Simulator, arch:arm64, id:76DB150A-9A5D-43CC-AC9E-D9F4F56CD318, OS:26.3.1, name:iPad Air 13-inch (M3) }
{ platform:iOS Simulator, arch:arm64, id:CC999711-AA95-499C-AAF8-EC8A380F5AE5, OS:18.4, name:iPad Pro 11-inch (M4) }
{ platform:iOS Simulator, arch:x86_64, id:CC999711-AA95-499C-AAF8-EC8A380F5AE5, OS:18.4, name:iPad Pro 11-inch (M4) }
{ platform:iOS Simulator, arch:arm64, id:3F715461-0F7D-4E35-A6EB-BA41B92B5E4D, OS:26.3.1, name:iPad Pro 11-inch (M5) }
{ platform:iOS Simulator, arch:arm64, id:CCF25C5A-985D-4A91-9A30-DB1B2C489329, OS:18.4, name:iPad Pro 13-inch (M4) }
{ platform:iOS Simulator, arch:x86_64, id:CCF25C5A-985D-4A91-9A30-DB1B2C489329, OS:18.4, name:iPad Pro 13-inch (M4) }
{ platform:iOS Simulator, arch:arm64, id:27EBDEB8-15C8-4263-BCAE-0B989B59B4A0, OS:26.3.1, name:iPad Pro 13-inch (M5) }
{ platform:iOS Simulator, arch:arm64, id:7188D872-2862-499C-8924-26833E8154A7, OS:18.4, name:iPad mini (A17 Pro) }
{ platform:iOS Simulator, arch:x86_64, id:7188D872-2862-499C-8924-26833E8154A7, OS:18.4, name:iPad mini (A17 Pro) }
{ platform:iOS Simulator, arch:arm64, id:F25E075B-BABE-4DD1-B9EC-B70FB54827AD, OS:26.3.1, name:iPad mini (A17 Pro) }
{ platform:iOS Simulator, arch:arm64, id:2B9DB00A-B1D5-41BA-A06D-1B42D69FBF97, OS:18.4, name:iPhone 16 }
{ platform:iOS Simulator, arch:x86_64, id:2B9DB00A-B1D5-41BA-A06D-1B42D69FBF97, OS:18.4, name:iPhone 16 }
{ platform:iOS Simulator, arch:arm64, id:277C0FA4-8DA5-4BF6-9D1C-AC29F6927BF4, OS:18.4, name:iPhone 16 Plus }
{ platform:iOS Simulator, arch:x86_64, id:277C0FA4-8DA5-4BF6-9D1C-AC29F6927BF4, OS:18.4, name:iPhone 16 Plus }
{ platform:iOS Simulator, arch:arm64, id:E431804E-6026-4E47-B828-3C8B6F9E774B, OS:18.4, name:iPhone 16 Pro }
{ platform:iOS Simulator, arch:x86_64, id:E431804E-6026-4E47-B828-3C8B6F9E774B, OS:18.4, name:iPhone 16 Pro }
{ platform:iOS Simulator, arch:arm64, id:E3B20249-9B3A-4184-ABFD-2704FAAC2AB3, OS:18.4, name:iPhone 16 Pro Max }
{ platform:iOS Simulator, arch:x86_64, id:E3B20249-9B3A-4184-ABFD-2704FAAC2AB3, OS:18.4, name:iPhone 16 Pro Max }
{ platform:iOS Simulator, arch:arm64, id:7ED67E82-794C-4A4A-9DDA-5545535C3A95, OS:18.4, name:iPhone 16e }
{ platform:iOS Simulator, arch:x86_64, id:7ED67E82-794C-4A4A-9DDA-5545535C3A95, OS:18.4, name:iPhone 16e }
{ platform:iOS Simulator, arch:arm64, id:EA192405-F4CA-4FF8-B7C8-0751D39FDB04, OS:26.3.1, name:iPhone 16e }
{ platform:iOS Simulator, arch:arm64, id:AC71A0D4-A0B9-49B2-A1F7-8FA6290649C9, OS:26.3.1, name:iPhone 17 }
{ platform:iOS Simulator, arch:arm64, id:FC3BE172-EF61-4301-BA3E-85A8F38CCD6D, OS:26.3.1, name:iPhone 17 Pro }
{ platform:iOS Simulator, arch:arm64, id:3504A990-7283-4249-A8D8-E63405D2AA28, OS:26.3.1, name:iPhone 17 Pro Max }
{ platform:iOS Simulator, arch:arm64, id:4C2E2141-F921-4CE1-8FAA-13A3725E738B, OS:26.3.1, name:iPhone Air }
{ platform:iOS, arch:arm64, id:00008130-00140D8414DA001C, name:Huawei }
ComputePackagePrebuildTargetDependencyGraph

Prepare packages

CreateBuildRequest

SendProjectDescription

CreateBuildOperation

ComputeTargetDependencyGraph
note: Building targets in dependency order
note: Target dependency graph (3 targets)
    Target 'ItaBinder' in project 'ItaBinder'
        ➜ Explicit dependency on target 'OpenCV' in project 'OpenCV'
    Target 'OpenCV' in project 'OpenCV'
        ➜ Explicit dependency on target 'opencv2-dependencies' in project 'OpenCV'
    Target 'opencv2-dependencies' in project 'OpenCV' (no dependencies)

GatherProvisioningInputs

CreateBuildDescription

ClangStatCache /Applications/Xcode.app/Contents/Developer/Toolchains/XcodeDefault.xctoolchain/usr/bin/clang-stat-cache /Applications/Xcode.app/Contents/Developer/Platforms/iPhoneOS.platform/Developer/SDKs/iPhoneOS26.2.sdk /Users/chenhaoran/Library/Developer/Xcode/DerivedData/SDKStatCaches.noindex/iphoneos26.2-23C57-3794476bd08197c3e2abd9bb477ef7f7.sdkstatcache
    cd /Users/chenhaoran/Documents/Antigravity/ItaBinder/ItaBinder.xcodeproj
    /Applications/Xcode.app/Contents/Developer/Toolchains/XcodeDefault.xctoolchain/usr/bin/clang-stat-cache /Applications/Xcode.app/Contents/Developer/Platforms/iPhoneOS.platform/Developer/SDKs/iPhoneOS26.2.sdk -o /Users/chenhaoran/Library/Developer/Xcode/DerivedData/SDKStatCaches.noindex/iphoneos26.2-23C57-3794476bd08197c3e2abd9bb477ef7f7.sdkstatcache

SwiftDriver ItaBinder normal arm64 com.apple.xcode.tools.swift.compiler (in target 'ItaBinder' from project 'ItaBinder')
    cd /Users/chenhaoran/Documents/Antigravity/ItaBinder
    builtin-SwiftDriver -- /Applications/Xcode.app/Contents/Developer/Toolchains/XcodeDefault.xctoolchain/usr/bin/swiftc -module-name ItaBinder -Onone -enforce-exclusivity\=checked @/Users/chenhaoran/Library/Developer/Xcode/DerivedData/ItaBinder-gsmdboxptclwhkattvtrxrtwvbdf/Build/Intermediates.noindex/ItaBinder.build/Debug-iphoneos/ItaBinder.build/Objects-normal/arm64/ItaBinder.SwiftFileList -DDEBUG -enable-bare-slash-regex -enable-experimental-feature DebugDescriptionMacro -sdk /Applications/Xcode.app/Contents/Developer/Platforms/iPhoneOS.platform/Developer/SDKs/iPhoneOS26.2.sdk -target arm64-apple-ios18.4 -g -module-cache-path /Users/chenhaoran/Library/Developer/Xcode/DerivedData/ModuleCache.noindex -Xfrontend -serialize-debugging-options -enable-testing -index-store-path /Users/chenhaoran/Library/Developer/Xcode/DerivedData/ItaBinder-gsmdboxptclwhkattvtrxrtwvbdf/Index.noindex/DataStore -Xcc -D_LIBCPP_HARDENING_MODE\=_LIBCPP_HARDENING_MODE_DEBUG -swift-version 5 -I /Users/chenhaoran/Library/Developer/Xcode/DerivedData/ItaBinder-gsmdboxptclwhkattvtrxrtwvbdf/Build/Products/Debug-iphoneos -F /Users/chenhaoran/Library/Developer/Xcode/DerivedData/ItaBinder-gsmdboxptclwhkattvtrxrtwvbdf/Build/Products/Debug-iphoneos/PackageFrameworks -F /Users/chenhaoran/Library/Developer/Xcode/DerivedData/ItaBinder-gsmdboxptclwhkattvtrxrtwvbdf/Build/Products/Debug-iphoneos -c -j8 -enable-batch-mode -incremental -Xcc -ivfsstatcache -Xcc /Users/chenhaoran/Library/Developer/Xcode/DerivedData/SDKStatCaches.noindex/iphoneos26.2-23C57-3794476bd08197c3e2abd9bb477ef7f7.sdkstatcache -output-file-map /Users/chenhaoran/Library/Developer/Xcode/DerivedData/ItaBinder-gsmdboxptclwhkattvtrxrtwvbdf/Build/Intermediates.noindex/ItaBinder.build/Debug-iphoneos/ItaBinder.build/Objects-normal/arm64/ItaBinder-OutputFileMap.json -use-frontend-parseable-output -save-temps -no-color-diagnostics -explicit-module-build -module-cache-path /Users/chenhaoran/Library/Developer/Xcode/DerivedData/ItaBinder-gsmdboxptclwhkattvtrxrtwvbdf/Build/Intermediates.noindex/SwiftExplicitPrecompiledModules -clang-scanner-module-cache-path /Users/chenhaoran/Library/Developer/Xcode/DerivedData/ModuleCache.noindex -sdk-module-cache-path /Users/chenhaoran/Library/Developer/Xcode/DerivedData/ModuleCache.noindex -serialize-diagnostics -emit-dependencies -emit-module -emit-module-path /Users/chenhaoran/Library/Developer/Xcode/DerivedData/ItaBinder-gsmdboxptclwhkattvtrxrtwvbdf/Build/Intermediates.noindex/ItaBinder.build/Debug-iphoneos/ItaBinder.build/Objects-normal/arm64/ItaBinder.swiftmodule -validate-clang-modules-once -clang-build-session-file /Users/chenhaoran/Library/Developer/Xcode/DerivedData/ModuleCache.noindex/Session.modulevalidation -Xcc -I/Users/chenhaoran/Library/Developer/Xcode/DerivedData/ItaBinder-gsmdboxptclwhkattvtrxrtwvbdf/Build/Intermediates.noindex/ItaBinder.build/Debug-iphoneos/ItaBinder.build/swift-overrides.hmap -emit-const-values -Xfrontend -const-gather-protocols-file -Xfrontend /Users/chenhaoran/Library/Developer/Xcode/DerivedData/ItaBinder-gsmdboxptclwhkattvtrxrtwvbdf/Build/Intermediates.noindex/ItaBinder.build/Debug-iphoneos/ItaBinder.build/Objects-normal/arm64/ItaBinder_const_extract_protocols.json -Xcc -iquote -Xcc /Users/chenhaoran/Library/Developer/Xcode/DerivedData/ItaBinder-gsmdboxptclwhkattvtrxrtwvbdf/Build/Intermediates.noindex/ItaBinder.build/Debug-iphoneos/ItaBinder.build/ItaBinder-generated-files.hmap -Xcc -I/Users/chenhaoran/Library/Developer/Xcode/DerivedData/ItaBinder-gsmdboxptclwhkattvtrxrtwvbdf/Build/Intermediates.noindex/ItaBinder.build/Debug-iphoneos/ItaBinder.build/ItaBinder-own-target-headers.hmap -Xcc -I/Users/chenhaoran/Library/Developer/Xcode/DerivedData/ItaBinder-gsmdboxptclwhkattvtrxrtwvbdf/Build/Intermediates.noindex/ItaBinder.build/Debug-iphoneos/ItaBinder.build/ItaBinder-all-non-framework-target-headers.hmap -Xcc -ivfsoverlay -Xcc /Users/chenhaoran/Library/Developer/Xcode/DerivedData/ItaBinder-gsmdboxptclwhkattvtrxrtwvbdf/Build/Intermediates.noindex/ItaBinder.build/Debug-iphoneos/ItaBinder-2a18b9b4b87b995e544a3601c0e934b4-VFS-iphoneos/all-product-headers.yaml -Xcc -iquote -Xcc /Users/chenhaoran/Library/Developer/Xcode/DerivedData/ItaBinder-gsmdboxptclwhkattvtrxrtwvbdf/Build/Intermediates.noindex/ItaBinder.build/Debug-iphoneos/ItaBinder.build/ItaBinder-project-headers.hmap -Xcc -I/Users/chenhaoran/Library/Developer/Xcode/DerivedData/ItaBinder-gsmdboxptclwhkattvtrxrtwvbdf/Build/Products/Debug-iphoneos/include -Xcc -I/Users/chenhaoran/Library/Developer/Xcode/DerivedData/ItaBinder-gsmdboxptclwhkattvtrxrtwvbdf/Build/Intermediates.noindex/ItaBinder.build/Debug-iphoneos/ItaBinder.build/DerivedSources-normal/arm64 -Xcc -I/Users/chenhaoran/Library/Developer/Xcode/DerivedData/ItaBinder-gsmdboxptclwhkattvtrxrtwvbdf/Build/Intermediates.noindex/ItaBinder.build/Debug-iphoneos/ItaBinder.build/DerivedSources/arm64 -Xcc -I/Users/chenhaoran/Library/Developer/Xcode/DerivedData/ItaBinder-gsmdboxptclwhkattvtrxrtwvbdf/Build/Intermediates.noindex/ItaBinder.build/Debug-iphoneos/ItaBinder.build/DerivedSources -Xcc -DDEBUG\=1 -emit-objc-header -emit-objc-header-path /Users/chenhaoran/Library/Developer/Xcode/DerivedData/ItaBinder-gsmdboxptclwhkattvtrxrtwvbdf/Build/Intermediates.noindex/ItaBinder.build/Debug-iphoneos/ItaBinder.build/Objects-normal/arm64/ItaBinder-Swift.h -import-objc-header /Users/chenhaoran/Documents/Antigravity/ItaBinder/App/ItaBinder-Bridging-Header.h -working-directory /Users/chenhaoran/Documents/Antigravity/ItaBinder -experimental-emit-module-separately -disable-cmo

SwiftGeneratePch normal arm64 Compiling\ bridging\ header (in target 'ItaBinder' from project 'ItaBinder')

SwiftDriverJobDiscovery normal arm64 Compiling bridging header (in target 'ItaBinder' from project 'ItaBinder')

SwiftEmitModule normal arm64 Emitting\ module\ for\ ItaBinder (in target 'ItaBinder' from project 'ItaBinder')

EmitSwiftModule normal arm64 (in target 'ItaBinder' from project 'ItaBinder')
    cd /Users/chenhaoran/Documents/Antigravity/ItaBinder
    

SwiftCompile normal arm64 Compiling\ ImageCache.swift,\ ImageClassificationService.swift,\ ImageExportView.swift,\ ImageImportView.swift,\ ImageImporter.swift,\ ImageStorageManager.swift /Users/chenhaoran/Documents/Antigravity/ItaBinder/Services/ImageCache.swift /Users/chenhaoran/Documents/Antigravity/ItaBinder/Services/ImageClassificationService.swift /Users/chenhaoran/Documents/Antigravity/ItaBinder/Features/CollageGenerator/ImageExportView.swift /Users/chenhaoran/Documents/Antigravity/ItaBinder/Views/Grid/ImageImportView.swift /Users/chenhaoran/Documents/Antigravity/ItaBinder/Services/ImageImporter.swift /Users/chenhaoran/Documents/Antigravity/ItaBinder/Services/ImageStorageManager.swift (in target 'ItaBinder' from project 'ItaBinder')
SwiftCompile normal arm64 /Users/chenhaoran/Documents/Antigravity/ItaBinder/Services/ImageCache.swift (in target 'ItaBinder' from project 'ItaBinder')
    cd /Users/chenhaoran/Documents/Antigravity/ItaBinder
    

SwiftCompile normal arm64 /Users/chenhaoran/Documents/Antigravity/ItaBinder/Services/ImageClassificationService.swift (in target 'ItaBinder' from project 'ItaBinder')
    cd /Users/chenhaoran/Documents/Antigravity/ItaBinder
    

SwiftCompile normal arm64 /Users/chenhaoran/Documents/Antigravity/ItaBinder/Features/CollageGenerator/ImageExportView.swift (in target 'ItaBinder' from project 'ItaBinder')
    cd /Users/chenhaoran/Documents/Antigravity/ItaBinder
    

SwiftCompile normal arm64 /Users/chenhaoran/Documents/Antigravity/ItaBinder/Views/Grid/ImageImportView.swift (in target 'ItaBinder' from project 'ItaBinder')
    cd /Users/chenhaoran/Documents/Antigravity/ItaBinder
    

SwiftCompile normal arm64 /Users/chenhaoran/Documents/Antigravity/ItaBinder/Services/ImageImporter.swift (in target 'ItaBinder' from project 'ItaBinder')
    cd /Users/chenhaoran/Documents/Antigravity/ItaBinder
    

SwiftCompile normal arm64 /Users/chenhaoran/Documents/Antigravity/ItaBinder/Services/ImageStorageManager.swift (in target 'ItaBinder' from project 'ItaBinder')
    cd /Users/chenhaoran/Documents/Antigravity/ItaBinder
    

SwiftCompile normal arm64 Compiling\ StatsCard.swift,\ StatsService.swift,\ SuggestionService.swift,\ SyncManager.swift,\ Tag.swift,\ CaptureProcessingView.swift /Users/chenhaoran/Documents/Antigravity/ItaBinder/Views/Stats/StatsCard.swift /Users/chenhaoran/Documents/Antigravity/ItaBinder/Services/StatsService.swift /Users/chenhaoran/Documents/Antigravity/ItaBinder/Services/SuggestionService.swift /Users/chenhaoran/Documents/Antigravity/ItaBinder/Services/SyncManager.swift /Users/chenhaoran/Documents/Antigravity/ItaBinder/Models/Tag.swift /Users/chenhaoran/Documents/Antigravity/ItaBinder/Views/Common/CaptureProcessingView.swift (in target 'ItaBinder' from project 'ItaBinder')

SwiftCompile normal arm64 /Users/chenhaoran/Documents/Antigravity/ItaBinder/Views/Stats/StatsCard.swift (in target 'ItaBinder' from project 'ItaBinder')
    cd /Users/chenhaoran/Documents/Antigravity/ItaBinder
    

SwiftCompile normal arm64 /Users/chenhaoran/Documents/Antigravity/ItaBinder/Services/StatsService.swift (in target 'ItaBinder' from project 'ItaBinder')
    cd /Users/chenhaoran/Documents/Antigravity/ItaBinder
    

SwiftCompile normal arm64 /Users/chenhaoran/Documents/Antigravity/ItaBinder/Services/SuggestionService.swift (in target 'ItaBinder' from project 'ItaBinder')
    cd /Users/chenhaoran/Documents/Antigravity/ItaBinder
    

SwiftCompile normal arm64 /Users/chenhaoran/Documents/Antigravity/ItaBinder/Services/SyncManager.swift (in target 'ItaBinder' from project 'ItaBinder')
    cd /Users/chenhaoran/Documents/Antigravity/ItaBinder
    

SwiftCompile normal arm64 /Users/chenhaoran/Documents/Antigravity/ItaBinder/Models/Tag.swift (in target 'ItaBinder' from project 'ItaBinder')
    cd /Users/chenhaoran/Documents/Antigravity/ItaBinder
    

SwiftCompile normal arm64 /Users/chenhaoran/Documents/Antigravity/ItaBinder/Views/Common/CaptureProcessingView.swift (in target 'ItaBinder' from project 'ItaBinder')
    cd /Users/chenhaoran/Documents/Antigravity/ItaBinder
    

SwiftCompile normal arm64 Compiling\ MainTabView.swift,\ OCRService.swift,\ PhotoLibraryManager.swift,\ PhotoLibraryService.swift,\ PosterConfiguration.swift,\ PosterExportView.swift /Users/chenhaoran/Documents/Antigravity/ItaBinder/Views/Grid/MainTabView.swift /Users/chenhaoran/Documents/Antigravity/ItaBinder/Services/OCRService.swift /Users/chenhaoran/Documents/Antigravity/ItaBinder/Services/PhotoLibraryManager.swift /Users/chenhaoran/Documents/Antigravity/ItaBinder/Services/PhotoLibraryService.swift /Users/chenhaoran/Documents/Antigravity/ItaBinder/Features/PosterGenerator/PosterConfiguration.swift /Users/chenhaoran/Documents/Antigravity/ItaBinder/Features/PosterGenerator/PosterExportView.swift (in target 'ItaBinder' from project 'ItaBinder')

SwiftCompile normal arm64 /Users/chenhaoran/Documents/Antigravity/ItaBinder/Views/Grid/MainTabView.swift (in target 'ItaBinder' from project 'ItaBinder')
    cd /Users/chenhaoran/Documents/Antigravity/ItaBinder
    

SwiftCompile normal arm64 /Users/chenhaoran/Documents/Antigravity/ItaBinder/Services/OCRService.swift (in target 'ItaBinder' from project 'ItaBinder')
    cd /Users/chenhaoran/Documents/Antigravity/ItaBinder
    

SwiftCompile normal arm64 /Users/chenhaoran/Documents/Antigravity/ItaBinder/Services/PhotoLibraryManager.swift (in target 'ItaBinder' from project 'ItaBinder')
    cd /Users/chenhaoran/Documents/Antigravity/ItaBinder
    

SwiftCompile normal arm64 /Users/chenhaoran/Documents/Antigravity/ItaBinder/Services/PhotoLibraryService.swift (in target 'ItaBinder' from project 'ItaBinder')
    cd /Users/chenhaoran/Documents/Antigravity/ItaBinder
    

SwiftCompile normal arm64 /Users/chenhaoran/Documents/Antigravity/ItaBinder/Features/PosterGenerator/PosterConfiguration.swift (in target 'ItaBinder' from project 'ItaBinder')
    cd /Users/chenhaoran/Documents/Antigravity/ItaBinder
    

SwiftCompile normal arm64 /Users/chenhaoran/Documents/Antigravity/ItaBinder/Features/PosterGenerator/PosterExportView.swift (in target 'ItaBinder' from project 'ItaBinder')
    cd /Users/chenhaoran/Documents/Antigravity/ItaBinder
    

SwiftCompile normal arm64 Compiling\ DevotionView.swift,\ DynamicGlassBackground.swift,\ FloodFillEngine.swift,\ GuidedCameraView.swift,\ HapticManager.swift,\ HomeView.swift /Users/chenhaoran/Documents/Antigravity/ItaBinder/Views/Stats/DevotionView.swift /Users/chenhaoran/Documents/Antigravity/ItaBinder/Views/Common/DynamicGlassBackground.swift /Users/chenhaoran/Documents/Antigravity/ItaBinder/Services/FloodFillEngine.swift /Users/chenhaoran/Documents/Antigravity/ItaBinder/Views/Common/GuidedCameraView.swift /Users/chenhaoran/Documents/Antigravity/ItaBinder/Utils/HapticManager.swift /Users/chenhaoran/Documents/Antigravity/ItaBinder/Views/Grid/HomeView.swift (in target 'ItaBinder' from project 'ItaBinder')

SwiftCompile normal arm64 /Users/chenhaoran/Documents/Antigravity/ItaBinder/Views/Stats/DevotionView.swift (in target 'ItaBinder' from project 'ItaBinder')
    cd /Users/chenhaoran/Documents/Antigravity/ItaBinder
    

SwiftCompile normal arm64 /Users/chenhaoran/Documents/Antigravity/ItaBinder/Views/Common/DynamicGlassBackground.swift (in target 'ItaBinder' from project 'ItaBinder')
    cd /Users/chenhaoran/Documents/Antigravity/ItaBinder
    

SwiftCompile normal arm64 /Users/chenhaoran/Documents/Antigravity/ItaBinder/Services/FloodFillEngine.swift (in target 'ItaBinder' from project 'ItaBinder')
    cd /Users/chenhaoran/Documents/Antigravity/ItaBinder
    

SwiftCompile normal arm64 /Users/chenhaoran/Documents/Antigravity/ItaBinder/Views/Common/GuidedCameraView.swift (in target 'ItaBinder' from project 'ItaBinder')
    cd /Users/chenhaoran/Documents/Antigravity/ItaBinder
    

SwiftCompile normal arm64 /Users/chenhaoran/Documents/Antigravity/ItaBinder/Utils/HapticManager.swift (in target 'ItaBinder' from project 'ItaBinder')
    cd /Users/chenhaoran/Documents/Antigravity/ItaBinder
    

SwiftCompile normal arm64 /Users/chenhaoran/Documents/Antigravity/ItaBinder/Views/Grid/HomeView.swift (in target 'ItaBinder' from project 'ItaBinder')
    cd /Users/chenhaoran/Documents/Antigravity/ItaBinder
    

SwiftCompile normal arm64 Compiling\ AssetMetadata.swift,\ AsyncDisplayImage.swift,\ AsyncThumbnailImage.swift,\ CameraPicker.swift,\ CaptureGuideManager.swift,\ CollageExportService.swift,\ CollageLayout.swift /Users/chenhaoran/Documents/Antigravity/ItaBinder/Models/AssetMetadata.swift /Users/chenhaoran/Documents/Antigravity/ItaBinder/Utils/AsyncDisplayImage.swift /Users/chenhaoran/Documents/Antigravity/ItaBinder/Utils/AsyncThumbnailImage.swift /Users/chenhaoran/Documents/Antigravity/ItaBinder/Views/Common/CameraPicker.swift /Users/chenhaoran/Documents/Antigravity/ItaBinder/Services/CaptureGuideManager.swift /Users/chenhaoran/Documents/Antigravity/ItaBinder/Features/CollageGenerator/CollageExportService.swift /Users/chenhaoran/Documents/Antigravity/ItaBinder/Models/CollageLayout.swift (in target 'ItaBinder' from project 'ItaBinder')

SwiftCompile normal arm64 /Users/chenhaoran/Documents/Antigravity/ItaBinder/Models/AssetMetadata.swift (in target 'ItaBinder' from project 'ItaBinder')
    cd /Users/chenhaoran/Documents/Antigravity/ItaBinder
    

SwiftCompile normal arm64 /Users/chenhaoran/Documents/Antigravity/ItaBinder/Utils/AsyncDisplayImage.swift (in target 'ItaBinder' from project 'ItaBinder')
    cd /Users/chenhaoran/Documents/Antigravity/ItaBinder
    

SwiftCompile normal arm64 /Users/chenhaoran/Documents/Antigravity/ItaBinder/Utils/AsyncThumbnailImage.swift (in target 'ItaBinder' from project 'ItaBinder')
    cd /Users/chenhaoran/Documents/Antigravity/ItaBinder
    

SwiftCompile normal arm64 /Users/chenhaoran/Documents/Antigravity/ItaBinder/Views/Common/CameraPicker.swift (in target 'ItaBinder' from project 'ItaBinder')
    cd /Users/chenhaoran/Documents/Antigravity/ItaBinder
    

SwiftCompile normal arm64 /Users/chenhaoran/Documents/Antigravity/ItaBinder/Services/CaptureGuideManager.swift (in target 'ItaBinder' from project 'ItaBinder')
    cd /Users/chenhaoran/Documents/Antigravity/ItaBinder
    

SwiftCompile normal arm64 /Users/chenhaoran/Documents/Antigravity/ItaBinder/Features/CollageGenerator/CollageExportService.swift (in target 'ItaBinder' from project 'ItaBinder')
    cd /Users/chenhaoran/Documents/Antigravity/ItaBinder
    

SwiftCompile normal arm64 /Users/chenhaoran/Documents/Antigravity/ItaBinder/Models/CollageLayout.swift (in target 'ItaBinder' from project 'ItaBinder')
    cd /Users/chenhaoran/Documents/Antigravity/ItaBinder
    

SwiftCompile normal arm64 Compiling\ PosterRenderService.swift,\ PosterTemplateView.swift,\ RefinementView.swift,\ SettingsView.swift,\ SettingsViewModel.swift,\ ShareSheet.swift /Users/chenhaoran/Documents/Antigravity/ItaBinder/Features/PosterGenerator/PosterRenderService.swift /Users/chenhaoran/Documents/Antigravity/ItaBinder/Features/PosterGenerator/PosterTemplateView.swift /Users/chenhaoran/Documents/Antigravity/ItaBinder/Views/Detail/RefinementView.swift /Users/chenhaoran/Documents/Antigravity/ItaBinder/Views/Settings/SettingsView.swift /Users/chenhaoran/Documents/Antigravity/ItaBinder/Views/Settings/SettingsViewModel.swift /Users/chenhaoran/Documents/Antigravity/ItaBinder/Utils/ShareSheet.swift (in target 'ItaBinder' from project 'ItaBinder')

SwiftCompile normal arm64 /Users/chenhaoran/Documents/Antigravity/ItaBinder/Features/PosterGenerator/PosterRenderService.swift (in target 'ItaBinder' from project 'ItaBinder')
    cd /Users/chenhaoran/Documents/Antigravity/ItaBinder
    

SwiftCompile normal arm64 /Users/chenhaoran/Documents/Antigravity/ItaBinder/Features/PosterGenerator/PosterTemplateView.swift (in target 'ItaBinder' from project 'ItaBinder')
    cd /Users/chenhaoran/Documents/Antigravity/ItaBinder
    

SwiftCompile normal arm64 /Users/chenhaoran/Documents/Antigravity/ItaBinder/Views/Detail/RefinementView.swift (in target 'ItaBinder' from project 'ItaBinder')
    cd /Users/chenhaoran/Documents/Antigravity/ItaBinder
    

SwiftCompile normal arm64 /Users/chenhaoran/Documents/Antigravity/ItaBinder/Views/Settings/SettingsView.swift (in target 'ItaBinder' from project 'ItaBinder')
    cd /Users/chenhaoran/Documents/Antigravity/ItaBinder
    

SwiftCompile normal arm64 /Users/chenhaoran/Documents/Antigravity/ItaBinder/Views/Settings/SettingsViewModel.swift (in target 'ItaBinder' from project 'ItaBinder')
    cd /Users/chenhaoran/Documents/Antigravity/ItaBinder
    

SwiftCompile normal arm64 /Users/chenhaoran/Documents/Antigravity/ItaBinder/Utils/ShareSheet.swift (in target 'ItaBinder' from project 'ItaBinder')
    cd /Users/chenhaoran/Documents/Antigravity/ItaBinder
    

SwiftCompile normal arm64 Compiling\ CollageView.swift,\ Collection.swift,\ CollectionDetailView.swift,\ CollectionsView.swift,\ CollectionsViewModel.swift,\ Color+Brand.swift /Users/chenhaoran/Documents/Antigravity/ItaBinder/Features/CollageGenerator/CollageView.swift /Users/chenhaoran/Documents/Antigravity/ItaBinder/Models/Collection.swift /Users/chenhaoran/Documents/Antigravity/ItaBinder/Views/Detail/CollectionDetailView.swift /Users/chenhaoran/Documents/Antigravity/ItaBinder/Views/Grid/CollectionsView.swift /Users/chenhaoran/Documents/Antigravity/ItaBinder/Views/Grid/CollectionsViewModel.swift /Users/chenhaoran/Documents/Antigravity/ItaBinder/Utils/Color+Brand.swift (in target 'ItaBinder' from project 'ItaBinder')

SwiftCompile normal arm64 /Users/chenhaoran/Documents/Antigravity/ItaBinder/Features/CollageGenerator/CollageView.swift (in target 'ItaBinder' from project 'ItaBinder')
    cd /Users/chenhaoran/Documents/Antigravity/ItaBinder
    

SwiftCompile normal arm64 /Users/chenhaoran/Documents/Antigravity/ItaBinder/Models/Collection.swift (in target 'ItaBinder' from project 'ItaBinder')
    cd /Users/chenhaoran/Documents/Antigravity/ItaBinder
    

SwiftCompile normal arm64 /Users/chenhaoran/Documents/Antigravity/ItaBinder/Views/Detail/CollectionDetailView.swift (in target 'ItaBinder' from project 'ItaBinder')
    cd /Users/chenhaoran/Documents/Antigravity/ItaBinder
    

SwiftCompile normal arm64 /Users/chenhaoran/Documents/Antigravity/ItaBinder/Views/Grid/CollectionsView.swift (in target 'ItaBinder' from project 'ItaBinder')
    cd /Users/chenhaoran/Documents/Antigravity/ItaBinder
    

SwiftCompile normal arm64 /Users/chenhaoran/Documents/Antigravity/ItaBinder/Views/Grid/CollectionsViewModel.swift (in target 'ItaBinder' from project 'ItaBinder')
    cd /Users/chenhaoran/Documents/Antigravity/ItaBinder
    

SwiftCompile normal arm64 /Users/chenhaoran/Documents/Antigravity/ItaBinder/Utils/Color+Brand.swift (in target 'ItaBinder' from project 'ItaBinder')
    cd /Users/chenhaoran/Documents/Antigravity/ItaBinder
    

SwiftCompile normal arm64 Compiling\ ItaBinderApp.swift,\ Item.swift,\ ItemCard.swift,\ ItemDetailView.swift,\ ItemGridView.swift,\ MainNavigationState.swift /Users/chenhaoran/Documents/Antigravity/ItaBinder/App/ItaBinderApp.swift /Users/chenhaoran/Documents/Antigravity/ItaBinder/Models/Item.swift /Users/chenhaoran/Documents/Antigravity/ItaBinder/Views/Grid/ItemCard.swift /Users/chenhaoran/Documents/Antigravity/ItaBinder/Views/Detail/ItemDetailView.swift /Users/chenhaoran/Documents/Antigravity/ItaBinder/Views/Grid/ItemGridView.swift /Users/chenhaoran/Documents/Antigravity/ItaBinder/Utils/MainNavigationState.swift (in target 'ItaBinder' from project 'ItaBinder')

SwiftCompile normal arm64 /Users/chenhaoran/Documents/Antigravity/ItaBinder/App/ItaBinderApp.swift (in target 'ItaBinder' from project 'ItaBinder')
    cd /Users/chenhaoran/Documents/Antigravity/ItaBinder
    

SwiftCompile normal arm64 /Users/chenhaoran/Documents/Antigravity/ItaBinder/Models/Item.swift (in target 'ItaBinder' from project 'ItaBinder')
    cd /Users/chenhaoran/Documents/Antigravity/ItaBinder
    

SwiftCompile normal arm64 /Users/chenhaoran/Documents/Antigravity/ItaBinder/Views/Grid/ItemCard.swift (in target 'ItaBinder' from project 'ItaBinder')
    cd /Users/chenhaoran/Documents/Antigravity/ItaBinder
    

SwiftCompile normal arm64 /Users/chenhaoran/Documents/Antigravity/ItaBinder/Views/Detail/ItemDetailView.swift (in target 'ItaBinder' from project 'ItaBinder')
    cd /Users/chenhaoran/Documents/Antigravity/ItaBinder
    

SwiftCompile normal arm64 /Users/chenhaoran/Documents/Antigravity/ItaBinder/Views/Grid/ItemGridView.swift (in target 'ItaBinder' from project 'ItaBinder')
    cd /Users/chenhaoran/Documents/Antigravity/ItaBinder
    

SwiftCompile normal arm64 /Users/chenhaoran/Documents/Antigravity/ItaBinder/Utils/MainNavigationState.swift (in target 'ItaBinder' from project 'ItaBinder')
    cd /Users/chenhaoran/Documents/Antigravity/ItaBinder
    

SwiftDriverJobDiscovery normal arm64 Compiling CollageView.swift, Collection.swift, CollectionDetailView.swift, CollectionsView.swift, CollectionsViewModel.swift, Color+Brand.swift (in target 'ItaBinder' from project 'ItaBinder')

SwiftDriverJobDiscovery normal arm64 Compiling AssetMetadata.swift, AsyncDisplayImage.swift, AsyncThumbnailImage.swift, CameraPicker.swift, CaptureGuideManager.swift, CollageExportService.swift, CollageLayout.swift (in target 'ItaBinder' from project 'ItaBinder')

SwiftDriverJobDiscovery normal arm64 Emitting module for ItaBinder (in target 'ItaBinder' from project 'ItaBinder')

SwiftDriver\ Compilation\ Requirements ItaBinder normal arm64 com.apple.xcode.tools.swift.compiler (in target 'ItaBinder' from project 'ItaBinder')
    cd /Users/chenhaoran/Documents/Antigravity/ItaBinder
    builtin-Swift-Compilation-Requirements -- /Applications/Xcode.app/Contents/Developer/Toolchains/XcodeDefault.xctoolchain/usr/bin/swiftc -module-name ItaBinder -Onone -enforce-exclusivity\=checked @/Users/chenhaoran/Library/Developer/Xcode/DerivedData/ItaBinder-gsmdboxptclwhkattvtrxrtwvbdf/Build/Intermediates.noindex/ItaBinder.build/Debug-iphoneos/ItaBinder.build/Objects-normal/arm64/ItaBinder.SwiftFileList -DDEBUG -enable-bare-slash-regex -enable-experimental-feature DebugDescriptionMacro -sdk /Applications/Xcode.app/Contents/Developer/Platforms/iPhoneOS.platform/Developer/SDKs/iPhoneOS26.2.sdk -target arm64-apple-ios18.4 -g -module-cache-path /Users/chenhaoran/Library/Developer/Xcode/DerivedData/ModuleCache.noindex -Xfrontend -serialize-debugging-options -enable-testing -index-store-path /Users/chenhaoran/Library/Developer/Xcode/DerivedData/ItaBinder-gsmdboxptclwhkattvtrxrtwvbdf/Index.noindex/DataStore -Xcc -D_LIBCPP_HARDENING_MODE\=_LIBCPP_HARDENING_MODE_DEBUG -swift-version 5 -I /Users/chenhaoran/Library/Developer/Xcode/DerivedData/ItaBinder-gsmdboxptclwhkattvtrxrtwvbdf/Build/Products/Debug-iphoneos -F /Users/chenhaoran/Library/Developer/Xcode/DerivedData/ItaBinder-gsmdboxptclwhkattvtrxrtwvbdf/Build/Products/Debug-iphoneos/PackageFrameworks -F /Users/chenhaoran/Library/Developer/Xcode/DerivedData/ItaBinder-gsmdboxptclwhkattvtrxrtwvbdf/Build/Products/Debug-iphoneos -c -j8 -enable-batch-mode -incremental -Xcc -ivfsstatcache -Xcc /Users/chenhaoran/Library/Developer/Xcode/DerivedData/SDKStatCaches.noindex/iphoneos26.2-23C57-3794476bd08197c3e2abd9bb477ef7f7.sdkstatcache -output-file-map /Users/chenhaoran/Library/Developer/Xcode/DerivedData/ItaBinder-gsmdboxptclwhkattvtrxrtwvbdf/Build/Intermediates.noindex/ItaBinder.build/Debug-iphoneos/ItaBinder.build/Objects-normal/arm64/ItaBinder-OutputFileMap.json -use-frontend-parseable-output -save-temps -no-color-diagnostics -explicit-module-build -module-cache-path /Users/chenhaoran/Library/Developer/Xcode/DerivedData/ItaBinder-gsmdboxptclwhkattvtrxrtwvbdf/Build/Intermediates.noindex/SwiftExplicitPrecompiledModules -clang-scanner-module-cache-path /Users/chenhaoran/Library/Developer/Xcode/DerivedData/ModuleCache.noindex -sdk-module-cache-path /Users/chenhaoran/Library/Developer/Xcode/DerivedData/ModuleCache.noindex -serialize-diagnostics -emit-dependencies -emit-module -emit-module-path /Users/chenhaoran/Library/Developer/Xcode/DerivedData/ItaBinder-gsmdboxptclwhkattvtrxrtwvbdf/Build/Intermediates.noindex/ItaBinder.build/Debug-iphoneos/ItaBinder.build/Objects-normal/arm64/ItaBinder.swiftmodule -validate-clang-modules-once -clang-build-session-file /Users/chenhaoran/Library/Developer/Xcode/DerivedData/ModuleCache.noindex/Session.modulevalidation -Xcc -I/Users/chenhaoran/Library/Developer/Xcode/DerivedData/ItaBinder-gsmdboxptclwhkattvtrxrtwvbdf/Build/Intermediates.noindex/ItaBinder.build/Debug-iphoneos/ItaBinder.build/swift-overrides.hmap -emit-const-values -Xfrontend -const-gather-protocols-file -Xfrontend /Users/chenhaoran/Library/Developer/Xcode/DerivedData/ItaBinder-gsmdboxptclwhkattvtrxrtwvbdf/Build/Intermediates.noindex/ItaBinder.build/Debug-iphoneos/ItaBinder.build/Objects-normal/arm64/ItaBinder_const_extract_protocols.json -Xcc -iquote -Xcc /Users/chenhaoran/Library/Developer/Xcode/DerivedData/ItaBinder-gsmdboxptclwhkattvtrxrtwvbdf/Build/Intermediates.noindex/ItaBinder.build/Debug-iphoneos/ItaBinder.build/ItaBinder-generated-files.hmap -Xcc -I/Users/chenhaoran/Library/Developer/Xcode/DerivedData/ItaBinder-gsmdboxptclwhkattvtrxrtwvbdf/Build/Intermediates.noindex/ItaBinder.build/Debug-iphoneos/ItaBinder.build/ItaBinder-own-target-headers.hmap -Xcc -I/Users/chenhaoran/Library/Developer/Xcode/DerivedData/ItaBinder-gsmdboxptclwhkattvtrxrtwvbdf/Build/Intermediates.noindex/ItaBinder.build/Debug-iphoneos/ItaBinder.build/ItaBinder-all-non-framework-target-headers.hmap -Xcc -ivfsoverlay -Xcc /Users/chenhaoran/Library/Developer/Xcode/DerivedData/ItaBinder-gsmdboxptclwhkattvtrxrtwvbdf/Build/Intermediates.noindex/ItaBinder.build/Debug-iphoneos/ItaBinder-2a18b9b4b87b995e544a3601c0e934b4-VFS-iphoneos/all-product-headers.yaml -Xcc -iquote -Xcc /Users/chenhaoran/Library/Developer/Xcode/DerivedData/ItaBinder-gsmdboxptclwhkattvtrxrtwvbdf/Build/Intermediates.noindex/ItaBinder.build/Debug-iphoneos/ItaBinder.build/ItaBinder-project-headers.hmap -Xcc -I/Users/chenhaoran/Library/Developer/Xcode/DerivedData/ItaBinder-gsmdboxptclwhkattvtrxrtwvbdf/Build/Products/Debug-iphoneos/include -Xcc -I/Users/chenhaoran/Library/Developer/Xcode/DerivedData/ItaBinder-gsmdboxptclwhkattvtrxrtwvbdf/Build/Intermediates.noindex/ItaBinder.build/Debug-iphoneos/ItaBinder.build/DerivedSources-normal/arm64 -Xcc -I/Users/chenhaoran/Library/Developer/Xcode/DerivedData/ItaBinder-gsmdboxptclwhkattvtrxrtwvbdf/Build/Intermediates.noindex/ItaBinder.build/Debug-iphoneos/ItaBinder.build/DerivedSources/arm64 -Xcc -I/Users/chenhaoran/Library/Developer/Xcode/DerivedData/ItaBinder-gsmdboxptclwhkattvtrxrtwvbdf/Build/Intermediates.noindex/ItaBinder.build/Debug-iphoneos/ItaBinder.build/DerivedSources -Xcc -DDEBUG\=1 -emit-objc-header -emit-objc-header-path /Users/chenhaoran/Library/Developer/Xcode/DerivedData/ItaBinder-gsmdboxptclwhkattvtrxrtwvbdf/Build/Intermediates.noindex/ItaBinder.build/Debug-iphoneos/ItaBinder.build/Objects-normal/arm64/ItaBinder-Swift.h -import-objc-header /Users/chenhaoran/Documents/Antigravity/ItaBinder/App/ItaBinder-Bridging-Header.h -working-directory /Users/chenhaoran/Documents/Antigravity/ItaBinder -experimental-emit-module-separately -disable-cmo

SwiftMergeGeneratedHeaders /Users/chenhaoran/Library/Developer/Xcode/DerivedData/ItaBinder-gsmdboxptclwhkattvtrxrtwvbdf/Build/Intermediates.noindex/ItaBinder.build/Debug-iphoneos/ItaBinder.build/DerivedSources/ItaBinder-Swift.h /Users/chenhaoran/Library/Developer/Xcode/DerivedData/ItaBinder-gsmdboxptclwhkattvtrxrtwvbdf/Build/Intermediates.noindex/ItaBinder.build/Debug-iphoneos/ItaBinder.build/Objects-normal/arm64/ItaBinder-Swift.h (in target 'ItaBinder' from project 'ItaBinder')
    cd /Users/chenhaoran/Documents/Antigravity/ItaBinder
    builtin-swiftHeaderTool -arch arm64 /Users/chenhaoran/Library/Developer/Xcode/DerivedData/ItaBinder-gsmdboxptclwhkattvtrxrtwvbdf/Build/Intermediates.noindex/ItaBinder.build/Debug-iphoneos/ItaBinder.build/Objects-normal/arm64/ItaBinder-Swift.h -o /Users/chenhaoran/Library/Developer/Xcode/DerivedData/ItaBinder-gsmdboxptclwhkattvtrxrtwvbdf/Build/Intermediates.noindex/ItaBinder.build/Debug-iphoneos/ItaBinder.build/DerivedSources/ItaBinder-Swift.h

Copy /Users/chenhaoran/Library/Developer/Xcode/DerivedData/ItaBinder-gsmdboxptclwhkattvtrxrtwvbdf/Build/Products/Debug-iphoneos/ItaBinder.swiftmodule/arm64-apple-ios.swiftmodule /Users/chenhaoran/Library/Developer/Xcode/DerivedData/ItaBinder-gsmdboxptclwhkattvtrxrtwvbdf/Build/Intermediates.noindex/ItaBinder.build/Debug-iphoneos/ItaBinder.build/Objects-normal/arm64/ItaBinder.swiftmodule (in target 'ItaBinder' from project 'ItaBinder')
    cd /Users/chenhaoran/Documents/Antigravity/ItaBinder
    builtin-copy -exclude .DS_Store -exclude CVS -exclude .svn -exclude .git -exclude .hg -resolve-src-symlinks -rename /Users/chenhaoran/Library/Developer/Xcode/DerivedData/ItaBinder-gsmdboxptclwhkattvtrxrtwvbdf/Build/Intermediates.noindex/ItaBinder.build/Debug-iphoneos/ItaBinder.build/Objects-normal/arm64/ItaBinder.swiftmodule /Users/chenhaoran/Library/Developer/Xcode/DerivedData/ItaBinder-gsmdboxptclwhkattvtrxrtwvbdf/Build/Products/Debug-iphoneos/ItaBinder.swiftmodule/arm64-apple-ios.swiftmodule

Copy /Users/chenhaoran/Library/Developer/Xcode/DerivedData/ItaBinder-gsmdboxptclwhkattvtrxrtwvbdf/Build/Products/Debug-iphoneos/ItaBinder.swiftmodule/arm64-apple-ios.swiftdoc /Users/chenhaoran/Library/Developer/Xcode/DerivedData/ItaBinder-gsmdboxptclwhkattvtrxrtwvbdf/Build/Intermediates.noindex/ItaBinder.build/Debug-iphoneos/ItaBinder.build/Objects-normal/arm64/ItaBinder.swiftdoc (in target 'ItaBinder' from project 'ItaBinder')
    cd /Users/chenhaoran/Documents/Antigravity/ItaBinder
    builtin-copy -exclude .DS_Store -exclude CVS -exclude .svn -exclude .git -exclude .hg -resolve-src-symlinks -rename /Users/chenhaoran/Library/Developer/Xcode/DerivedData/ItaBinder-gsmdboxptclwhkattvtrxrtwvbdf/Build/Intermediates.noindex/ItaBinder.build/Debug-iphoneos/ItaBinder.build/Objects-normal/arm64/ItaBinder.swiftdoc /Users/chenhaoran/Library/Developer/Xcode/DerivedData/ItaBinder-gsmdboxptclwhkattvtrxrtwvbdf/Build/Products/Debug-iphoneos/ItaBinder.swiftmodule/arm64-apple-ios.swiftdoc

Copy /Users/chenhaoran/Library/Developer/Xcode/DerivedData/ItaBinder-gsmdboxptclwhkattvtrxrtwvbdf/Build/Products/Debug-iphoneos/ItaBinder.swiftmodule/arm64-apple-ios.abi.json /Users/chenhaoran/Library/Developer/Xcode/DerivedData/ItaBinder-gsmdboxptclwhkattvtrxrtwvbdf/Build/Intermediates.noindex/ItaBinder.build/Debug-iphoneos/ItaBinder.build/Objects-normal/arm64/ItaBinder.abi.json (in target 'ItaBinder' from project 'ItaBinder')
    cd /Users/chenhaoran/Documents/Antigravity/ItaBinder
    builtin-copy -exclude .DS_Store -exclude CVS -exclude .svn -exclude .git -exclude .hg -resolve-src-symlinks -rename /Users/chenhaoran/Library/Developer/Xcode/DerivedData/ItaBinder-gsmdboxptclwhkattvtrxrtwvbdf/Build/Intermediates.noindex/ItaBinder.build/Debug-iphoneos/ItaBinder.build/Objects-normal/arm64/ItaBinder.abi.json /Users/chenhaoran/Library/Developer/Xcode/DerivedData/ItaBinder-gsmdboxptclwhkattvtrxrtwvbdf/Build/Products/Debug-iphoneos/ItaBinder.swiftmodule/arm64-apple-ios.abi.json

Copy /Users/chenhaoran/Library/Developer/Xcode/DerivedData/ItaBinder-gsmdboxptclwhkattvtrxrtwvbdf/Build/Products/Debug-iphoneos/ItaBinder.swiftmodule/Project/arm64-apple-ios.swiftsourceinfo /Users/chenhaoran/Library/Developer/Xcode/DerivedData/ItaBinder-gsmdboxptclwhkattvtrxrtwvbdf/Build/Intermediates.noindex/ItaBinder.build/Debug-iphoneos/ItaBinder.build/Objects-normal/arm64/ItaBinder.swiftsourceinfo (in target 'ItaBinder' from project 'ItaBinder')
    cd /Users/chenhaoran/Documents/Antigravity/ItaBinder
    builtin-copy -exclude .DS_Store -exclude CVS -exclude .svn -exclude .git -exclude .hg -resolve-src-symlinks -rename /Users/chenhaoran/Library/Developer/Xcode/DerivedData/ItaBinder-gsmdboxptclwhkattvtrxrtwvbdf/Build/Intermediates.noindex/ItaBinder.build/Debug-iphoneos/ItaBinder.build/Objects-normal/arm64/ItaBinder.swiftsourceinfo /Users/chenhaoran/Library/Developer/Xcode/DerivedData/ItaBinder-gsmdboxptclwhkattvtrxrtwvbdf/Build/Products/Debug-iphoneos/ItaBinder.swiftmodule/Project/arm64-apple-ios.swiftsourceinfo

CompileC /Users/chenhaoran/Library/Developer/Xcode/DerivedData/ItaBinder-gsmdboxptclwhkattvtrxrtwvbdf/Build/Intermediates.noindex/ItaBinder.build/Debug-iphoneos/ItaBinder.build/Objects-normal/arm64/OpenCVBridge.o /Users/chenhaoran/Documents/Antigravity/ItaBinder/Utils/OpenCVBridge.mm normal arm64 objective-c++ com.apple.compilers.llvm.clang.1_0.compiler (in target 'ItaBinder' from project 'ItaBinder')
    cd /Users/chenhaoran/Documents/Antigravity/ItaBinder
    
    Using response file: /Users/chenhaoran/Library/Developer/Xcode/DerivedData/ItaBinder-gsmdboxptclwhkattvtrxrtwvbdf/Build/Intermediates.noindex/ItaBinder.build/Debug-iphoneos/ItaBinder.build/Objects-normal/arm64/af3fcb34312c57c0f52879cdce924b91-common-args.resp
    
    /Applications/Xcode.app/Contents/Developer/Toolchains/XcodeDefault.xctoolchain/usr/bin/clang -x objective-c++ -ivfsstatcache /Users/chenhaoran/Library/Developer/Xcode/DerivedData/SDKStatCaches.noindex/iphoneos26.2-23C57-3794476bd08197c3e2abd9bb477ef7f7.sdkstatcache -fmessage-length\=0 -fdiagnostics-show-note-include-stack -fmacro-backtrace-limit\=0 -fno-color-diagnostics -fmodules-prune-interval\=86400 -fmodules-prune-after\=345600 -fbuild-session-file\=/Users/chenhaoran/Library/Developer/Xcode/DerivedData/ModuleCache.noindex/Session.modulevalidation -fmodules-validate-once-per-build-session -Wnon-modular-include-in-framework-module -Werror\=non-modular-include-in-framework-module -Wno-trigraphs -Wno-missing-field-initializers -Wno-missing-prototypes -Werror\=return-type -Wunreachable-code -Wno-implicit-atomic-properties -Werror\=deprecated-objc-isa-usage -Wno-objc-interface-ivars -Werror\=objc-root-class -Wno-arc-repeated-use-of-weak -Wimplicit-retain-self -Wno-non-virtual-dtor -Wno-overloaded-virtual -Wno-exit-time-destructors -Wduplicate-method-match -Wno-missing-braces -Wparentheses -Wswitch -Wunused-function -Wno-unused-label -Wno-unused-parameter -Wunused-variable -Wunused-value -Wempty-body -Wuninitialized -Wconditional-uninitialized -Wno-unknown-pragmas -Wno-shadow -Wno-four-char-constants -Wno-conversion -Wconstant-conversion -Wint-conversion -Wbool-conversion -Wenum-conversion -Wno-float-conversion -Wnon-literal-null-conversion -Wobjc-literal-conversion -Wshorten-64-to-32 -Wno-newline-eof -Wno-selector -Wno-strict-selector-match -Wundeclared-selector -Wdeprecated-implementations -Wno-c++11-extensions -Wno-implicit-fallthrough -fstrict-aliasing -Wprotocol -Wdeprecated-declarations -Winvalid-offsetof -Wno-sign-conversion -Winfinite-recursion -Wmove -Wcomma -Wblock-capture-autoreleasing -Wstrict-prototypes -Wrange-loop-analysis -Wno-semicolon-before-method-body -Wunguarded-availability -index-store-path /Users/chenhaoran/Library/Developer/Xcode/DerivedData/ItaBinder-gsmdboxptclwhkattvtrxrtwvbdf/Index.noindex/DataStore @/Users/chenhaoran/Library/Developer/Xcode/DerivedData/ItaBinder-gsmdboxptclwhkattvtrxrtwvbdf/Build/Intermediates.noindex/ItaBinder.build/Debug-iphoneos/ItaBinder.build/Objects-normal/arm64/af3fcb34312c57c0f52879cdce924b91-common-args.resp -MMD -MT dependencies -MF /Users/chenhaoran/Library/Developer/Xcode/DerivedData/ItaBinder-gsmdboxptclwhkattvtrxrtwvbdf/Build/Intermediates.noindex/ItaBinder.build/Debug-iphoneos/ItaBinder.build/Objects-normal/arm64/OpenCVBridge.d --serialize-diagnostics /Users/chenhaoran/Library/Developer/Xcode/DerivedData/ItaBinder-gsmdboxptclwhkattvtrxrtwvbdf/Build/Intermediates.noindex/ItaBinder.build/Debug-iphoneos/ItaBinder.build/Objects-normal/arm64/OpenCVBridge.dia -c /Users/chenhaoran/Documents/Antigravity/ItaBinder/Utils/OpenCVBridge.mm -o /Users/chenhaoran/Library/Developer/Xcode/DerivedData/ItaBinder-gsmdboxptclwhkattvtrxrtwvbdf/Build/Intermediates.noindex/ItaBinder.build/Debug-iphoneos/ItaBinder.build/Objects-normal/arm64/OpenCVBridge.o -index-unit-output-path /ItaBinder.build/Debug-iphoneos/ItaBinder.build/Objects-normal/arm64/OpenCVBridge.o

SwiftDriverJobDiscovery normal arm64 Compiling StatsCard.swift, StatsService.swift, SuggestionService.swift, SyncManager.swift, Tag.swift, CaptureProcessingView.swift (in target 'ItaBinder' from project 'ItaBinder')

SwiftDriverJobDiscovery normal arm64 Compiling DevotionView.swift, DynamicGlassBackground.swift, FloodFillEngine.swift, GuidedCameraView.swift, HapticManager.swift, HomeView.swift (in target 'ItaBinder' from project 'ItaBinder')

SwiftDriverJobDiscovery normal arm64 Compiling PosterRenderService.swift, PosterTemplateView.swift, RefinementView.swift, SettingsView.swift, SettingsViewModel.swift, ShareSheet.swift (in target 'ItaBinder' from project 'ItaBinder')

SwiftDriverJobDiscovery normal arm64 Compiling MainTabView.swift, OCRService.swift, PhotoLibraryManager.swift, PhotoLibraryService.swift, PosterConfiguration.swift, PosterExportView.swift (in target 'ItaBinder' from project 'ItaBinder')

SwiftDriverJobDiscovery normal arm64 Compiling ItaBinderApp.swift, Item.swift, ItemCard.swift, ItemDetailView.swift, ItemGridView.swift, MainNavigationState.swift (in target 'ItaBinder' from project 'ItaBinder')

SwiftDriverJobDiscovery normal arm64 Compiling ImageCache.swift, ImageClassificationService.swift, ImageExportView.swift, ImageImportView.swift, ImageImporter.swift, ImageStorageManager.swift (in target 'ItaBinder' from project 'ItaBinder')

SwiftDriver\ Compilation ItaBinder normal arm64 com.apple.xcode.tools.swift.compiler (in target 'ItaBinder' from project 'ItaBinder')
    cd /Users/chenhaoran/Documents/Antigravity/ItaBinder
    builtin-Swift-Compilation -- /Applications/Xcode.app/Contents/Developer/Toolchains/XcodeDefault.xctoolchain/usr/bin/swiftc -module-name ItaBinder -Onone -enforce-exclusivity\=checked @/Users/chenhaoran/Library/Developer/Xcode/DerivedData/ItaBinder-gsmdboxptclwhkattvtrxrtwvbdf/Build/Intermediates.noindex/ItaBinder.build/Debug-iphoneos/ItaBinder.build/Objects-normal/arm64/ItaBinder.SwiftFileList -DDEBUG -enable-bare-slash-regex -enable-experimental-feature DebugDescriptionMacro -sdk /Applications/Xcode.app/Contents/Developer/Platforms/iPhoneOS.platform/Developer/SDKs/iPhoneOS26.2.sdk -target arm64-apple-ios18.4 -g -module-cache-path /Users/chenhaoran/Library/Developer/Xcode/DerivedData/ModuleCache.noindex -Xfrontend -serialize-debugging-options -enable-testing -index-store-path /Users/chenhaoran/Library/Developer/Xcode/DerivedData/ItaBinder-gsmdboxptclwhkattvtrxrtwvbdf/Index.noindex/DataStore -Xcc -D_LIBCPP_HARDENING_MODE\=_LIBCPP_HARDENING_MODE_DEBUG -swift-version 5 -I /Users/chenhaoran/Library/Developer/Xcode/DerivedData/ItaBinder-gsmdboxptclwhkattvtrxrtwvbdf/Build/Products/Debug-iphoneos -F /Users/chenhaoran/Library/Developer/Xcode/DerivedData/ItaBinder-gsmdboxptclwhkattvtrxrtwvbdf/Build/Products/Debug-iphoneos/PackageFrameworks -F /Users/chenhaoran/Library/Developer/Xcode/DerivedData/ItaBinder-gsmdboxptclwhkattvtrxrtwvbdf/Build/Products/Debug-iphoneos -c -j8 -enable-batch-mode -incremental -Xcc -ivfsstatcache -Xcc /Users/chenhaoran/Library/Developer/Xcode/DerivedData/SDKStatCaches.noindex/iphoneos26.2-23C57-3794476bd08197c3e2abd9bb477ef7f7.sdkstatcache -output-file-map /Users/chenhaoran/Library/Developer/Xcode/DerivedData/ItaBinder-gsmdboxptclwhkattvtrxrtwvbdf/Build/Intermediates.noindex/ItaBinder.build/Debug-iphoneos/ItaBinder.build/Objects-normal/arm64/ItaBinder-OutputFileMap.json -use-frontend-parseable-output -save-temps -no-color-diagnostics -explicit-module-build -module-cache-path /Users/chenhaoran/Library/Developer/Xcode/DerivedData/ItaBinder-gsmdboxptclwhkattvtrxrtwvbdf/Build/Intermediates.noindex/SwiftExplicitPrecompiledModules -clang-scanner-module-cache-path /Users/chenhaoran/Library/Developer/Xcode/DerivedData/ModuleCache.noindex -sdk-module-cache-path /Users/chenhaoran/Library/Developer/Xcode/DerivedData/ModuleCache.noindex -serialize-diagnostics -emit-dependencies -emit-module -emit-module-path /Users/chenhaoran/Library/Developer/Xcode/DerivedData/ItaBinder-gsmdboxptclwhkattvtrxrtwvbdf/Build/Intermediates.noindex/ItaBinder.build/Debug-iphoneos/ItaBinder.build/Objects-normal/arm64/ItaBinder.swiftmodule -validate-clang-modules-once -clang-build-session-file /Users/chenhaoran/Library/Developer/Xcode/DerivedData/ModuleCache.noindex/Session.modulevalidation -Xcc -I/Users/chenhaoran/Library/Developer/Xcode/DerivedData/ItaBinder-gsmdboxptclwhkattvtrxrtwvbdf/Build/Intermediates.noindex/ItaBinder.build/Debug-iphoneos/ItaBinder.build/swift-overrides.hmap -emit-const-values -Xfrontend -const-gather-protocols-file -Xfrontend /Users/chenhaoran/Library/Developer/Xcode/DerivedData/ItaBinder-gsmdboxptclwhkattvtrxrtwvbdf/Build/Intermediates.noindex/ItaBinder.build/Debug-iphoneos/ItaBinder.build/Objects-normal/arm64/ItaBinder_const_extract_protocols.json -Xcc -iquote -Xcc /Users/chenhaoran/Library/Developer/Xcode/DerivedData/ItaBinder-gsmdboxptclwhkattvtrxrtwvbdf/Build/Intermediates.noindex/ItaBinder.build/Debug-iphoneos/ItaBinder.build/ItaBinder-generated-files.hmap -Xcc -I/Users/chenhaoran/Library/Developer/Xcode/DerivedData/ItaBinder-gsmdboxptclwhkattvtrxrtwvbdf/Build/Intermediates.noindex/ItaBinder.build/Debug-iphoneos/ItaBinder.build/ItaBinder-own-target-headers.hmap -Xcc -I/Users/chenhaoran/Library/Developer/Xcode/DerivedData/ItaBinder-gsmdboxptclwhkattvtrxrtwvbdf/Build/Intermediates.noindex/ItaBinder.build/Debug-iphoneos/ItaBinder.build/ItaBinder-all-non-framework-target-headers.hmap -Xcc -ivfsoverlay -Xcc /Users/chenhaoran/Library/Developer/Xcode/DerivedData/ItaBinder-gsmdboxptclwhkattvtrxrtwvbdf/Build/Intermediates.noindex/ItaBinder.build/Debug-iphoneos/ItaBinder-2a18b9b4b87b995e544a3601c0e934b4-VFS-iphoneos/all-product-headers.yaml -Xcc -iquote -Xcc /Users/chenhaoran/Library/Developer/Xcode/DerivedData/ItaBinder-gsmdboxptclwhkattvtrxrtwvbdf/Build/Intermediates.noindex/ItaBinder.build/Debug-iphoneos/ItaBinder.build/ItaBinder-project-headers.hmap -Xcc -I/Users/chenhaoran/Library/Developer/Xcode/DerivedData/ItaBinder-gsmdboxptclwhkattvtrxrtwvbdf/Build/Products/Debug-iphoneos/include -Xcc -I/Users/chenhaoran/Library/Developer/Xcode/DerivedData/ItaBinder-gsmdboxptclwhkattvtrxrtwvbdf/Build/Intermediates.noindex/ItaBinder.build/Debug-iphoneos/ItaBinder.build/DerivedSources-normal/arm64 -Xcc -I/Users/chenhaoran/Library/Developer/Xcode/DerivedData/ItaBinder-gsmdboxptclwhkattvtrxrtwvbdf/Build/Intermediates.noindex/ItaBinder.build/Debug-iphoneos/ItaBinder.build/DerivedSources/arm64 -Xcc -I/Users/chenhaoran/Library/Developer/Xcode/DerivedData/ItaBinder-gsmdboxptclwhkattvtrxrtwvbdf/Build/Intermediates.noindex/ItaBinder.build/Debug-iphoneos/ItaBinder.build/DerivedSources -Xcc -DDEBUG\=1 -emit-objc-header -emit-objc-header-path /Users/chenhaoran/Library/Developer/Xcode/DerivedData/ItaBinder-gsmdboxptclwhkattvtrxrtwvbdf/Build/Intermediates.noindex/ItaBinder.build/Debug-iphoneos/ItaBinder.build/Objects-normal/arm64/ItaBinder-Swift.h -import-objc-header /Users/chenhaoran/Documents/Antigravity/ItaBinder/App/ItaBinder-Bridging-Header.h -working-directory /Users/chenhaoran/Documents/Antigravity/ItaBinder -experimental-emit-module-separately -disable-cmo

Ld /Users/chenhaoran/Library/Developer/Xcode/DerivedData/ItaBinder-gsmdboxptclwhkattvtrxrtwvbdf/Build/Products/Debug-iphoneos/ItaBinder.app/ItaBinder.debug.dylib normal (in target 'ItaBinder' from project 'ItaBinder')
    cd /Users/chenhaoran/Documents/Antigravity/ItaBinder
    /Applications/Xcode.app/Contents/Developer/Toolchains/XcodeDefault.xctoolchain/usr/bin/clang++ -Xlinker -reproducible -target arm64-apple-ios18.4 -dynamiclib -isysroot /Applications/Xcode.app/Contents/Developer/Platforms/iPhoneOS.platform/Developer/SDKs/iPhoneOS26.2.sdk -O0 -L/Users/chenhaoran/Library/Developer/Xcode/DerivedData/ItaBinder-gsmdboxptclwhkattvtrxrtwvbdf/Build/Intermediates.noindex/EagerLinkingTBDs/Debug-iphoneos -L/Users/chenhaoran/Library/Developer/Xcode/DerivedData/ItaBinder-gsmdboxptclwhkattvtrxrtwvbdf/Build/Products/Debug-iphoneos -F/Users/chenhaoran/Library/Developer/Xcode/DerivedData/ItaBinder-gsmdboxptclwhkattvtrxrtwvbdf/Build/Intermediates.noindex/EagerLinkingTBDs/Debug-iphoneos -F/Users/chenhaoran/Library/Developer/Xcode/DerivedData/ItaBinder-gsmdboxptclwhkattvtrxrtwvbdf/Build/Products/Debug-iphoneos/PackageFrameworks -F/Users/chenhaoran/Library/Developer/Xcode/DerivedData/ItaBinder-gsmdboxptclwhkattvtrxrtwvbdf/Build/Products/Debug-iphoneos -filelist /Users/chenhaoran/Library/Developer/Xcode/DerivedData/ItaBinder-gsmdboxptclwhkattvtrxrtwvbdf/Build/Intermediates.noindex/ItaBinder.build/Debug-iphoneos/ItaBinder.build/Objects-normal/arm64/ItaBinder.LinkFileList -install_name @rpath/ItaBinder.debug.dylib -Xlinker -rpath -Xlinker /usr/lib/swift -Xlinker -rpath -Xlinker /Users/chenhaoran/Library/Developer/Xcode/DerivedData/ItaBinder-gsmdboxptclwhkattvtrxrtwvbdf/Build/Products/Debug-iphoneos/PackageFrameworks -Xlinker -rpath -Xlinker @executable_path/Frameworks -dead_strip -Xlinker -object_path_lto -Xlinker /Users/chenhaoran/Library/Developer/Xcode/DerivedData/ItaBinder-gsmdboxptclwhkattvtrxrtwvbdf/Build/Intermediates.noindex/ItaBinder.build/Debug-iphoneos/ItaBinder.build/Objects-normal/arm64/ItaBinder_lto.o -rdynamic -Xlinker -no_deduplicate -Xlinker -dependency_info -Xlinker /Users/chenhaoran/Library/Developer/Xcode/DerivedData/ItaBinder-gsmdboxptclwhkattvtrxrtwvbdf/Build/Intermediates.noindex/ItaBinder.build/Debug-iphoneos/ItaBinder.build/Objects-normal/arm64/ItaBinder_dependency_info.dat -stdlib\=libc++ -fobjc-arc -fobjc-link-runtime -L/Applications/Xcode.app/Contents/Developer/Toolchains/XcodeDefault.xctoolchain/usr/lib/swift/iphoneos -L/usr/lib/swift -Xlinker -add_ast_path -Xlinker /Users/chenhaoran/Library/Developer/Xcode/DerivedData/ItaBinder-gsmdboxptclwhkattvtrxrtwvbdf/Build/Intermediates.noindex/ItaBinder.build/Debug-iphoneos/ItaBinder.build/Objects-normal/arm64/ItaBinder.swiftmodule @/Users/chenhaoran/Library/Developer/Xcode/DerivedData/ItaBinder-gsmdboxptclwhkattvtrxrtwvbdf/Build/Intermediates.noindex/ItaBinder.build/Debug-iphoneos/ItaBinder.build/Objects-normal/arm64/ItaBinder-linker-args.resp -Wl,-no_warn_duplicate_libraries -lc++ -framework AVFoundation -framework CoreImage -framework CoreMedia -framework CoreVideo -framework Accelerate -Xlinker -alias -Xlinker _main -Xlinker ___debug_main_executable_dylib_entry_point -framework opencv2 -o /Users/chenhaoran/Library/Developer/Xcode/DerivedData/ItaBinder-gsmdboxptclwhkattvtrxrtwvbdf/Build/Products/Debug-iphoneos/ItaBinder.app/ItaBinder.debug.dylib -Xlinker -add_ast_path -Xlinker /Users/chenhaoran/Library/Developer/Xcode/DerivedData/ItaBinder-gsmdboxptclwhkattvtrxrtwvbdf/Build/Intermediates.noindex/OpenCV.build/Debug-iphoneos/opencv2-dependencies.build/Objects-normal/arm64/opencv2_dependencies.swiftmodule @/Users/chenhaoran/Library/Developer/Xcode/DerivedData/ItaBinder-gsmdboxptclwhkattvtrxrtwvbdf/Build/Intermediates.noindex/OpenCV.build/Debug-iphoneos/opencv2-dependencies.build/Objects-normal/arm64/opencv2_dependencies-linker-args.resp

ConstructStubExecutorLinkFileList /Users/chenhaoran/Library/Developer/Xcode/DerivedData/ItaBinder-gsmdboxptclwhkattvtrxrtwvbdf/Build/Intermediates.noindex/ItaBinder.build/Debug-iphoneos/ItaBinder.build/ItaBinder-ExecutorLinkFileList-normal-arm64.txt (in target 'ItaBinder' from project 'ItaBinder')
    cd /Users/chenhaoran/Documents/Antigravity/ItaBinder
    construct-stub-executor-link-file-list /Users/chenhaoran/Library/Developer/Xcode/DerivedData/ItaBinder-gsmdboxptclwhkattvtrxrtwvbdf/Build/Products/Debug-iphoneos/ItaBinder.app/ItaBinder.debug.dylib /Applications/Xcode.app/Contents/Developer/Platforms/iPhoneOS.platform/Developer/usr/lib/libPreviewsJITStubExecutor_no_swift_entry_point.a /Applications/Xcode.app/Contents/Developer/Platforms/iPhoneOS.platform/Developer/usr/lib/libPreviewsJITStubExecutor.a --output /Users/chenhaoran/Library/Developer/Xcode/DerivedData/ItaBinder-gsmdboxptclwhkattvtrxrtwvbdf/Build/Intermediates.noindex/ItaBinder.build/Debug-iphoneos/ItaBinder.build/ItaBinder-ExecutorLinkFileList-normal-arm64.txt
note: Using stub executor library with Swift entry point. (in target 'ItaBinder' from project 'ItaBinder')

Ld /Users/chenhaoran/Library/Developer/Xcode/DerivedData/ItaBinder-gsmdboxptclwhkattvtrxrtwvbdf/Build/Products/Debug-iphoneos/ItaBinder.app/ItaBinder normal (in target 'ItaBinder' from project 'ItaBinder')
    cd /Users/chenhaoran/Documents/Antigravity/ItaBinder
    /Applications/Xcode.app/Contents/Developer/Toolchains/XcodeDefault.xctoolchain/usr/bin/clang++ -Xlinker -reproducible -target arm64-apple-ios18.4 -isysroot /Applications/Xcode.app/Contents/Developer/Platforms/iPhoneOS.platform/Developer/SDKs/iPhoneOS26.2.sdk -O0 -L/Users/chenhaoran/Library/Developer/Xcode/DerivedData/ItaBinder-gsmdboxptclwhkattvtrxrtwvbdf/Build/Products/Debug-iphoneos -F/Users/chenhaoran/Library/Developer/Xcode/DerivedData/ItaBinder-gsmdboxptclwhkattvtrxrtwvbdf/Build/Products/Debug-iphoneos/PackageFrameworks -F/Users/chenhaoran/Library/Developer/Xcode/DerivedData/ItaBinder-gsmdboxptclwhkattvtrxrtwvbdf/Build/Products/Debug-iphoneos -Xlinker -rpath -Xlinker @executable_path -Xlinker -rpath -Xlinker /Users/chenhaoran/Library/Developer/Xcode/DerivedData/ItaBinder-gsmdboxptclwhkattvtrxrtwvbdf/Build/Products/Debug-iphoneos/PackageFrameworks -Xlinker -rpath -Xlinker @executable_path/Frameworks -rdynamic -Xlinker -no_deduplicate -e ___debug_blank_executor_main -Xlinker -sectcreate -Xlinker __TEXT -Xlinker __debug_dylib -Xlinker /Users/chenhaoran/Library/Developer/Xcode/DerivedData/ItaBinder-gsmdboxptclwhkattvtrxrtwvbdf/Build/Intermediates.noindex/ItaBinder.build/Debug-iphoneos/ItaBinder.build/ItaBinder-DebugDylibPath-normal-arm64.txt -Xlinker -sectcreate -Xlinker __TEXT -Xlinker __debug_instlnm -Xlinker /Users/chenhaoran/Library/Developer/Xcode/DerivedData/ItaBinder-gsmdboxptclwhkattvtrxrtwvbdf/Build/Intermediates.noindex/ItaBinder.build/Debug-iphoneos/ItaBinder.build/ItaBinder-DebugDylibInstallName-normal-arm64.txt -Xlinker -filelist -Xlinker /Users/chenhaoran/Library/Developer/Xcode/DerivedData/ItaBinder-gsmdboxptclwhkattvtrxrtwvbdf/Build/Intermediates.noindex/ItaBinder.build/Debug-iphoneos/ItaBinder.build/ItaBinder-ExecutorLinkFileList-normal-arm64.txt /Users/chenhaoran/Library/Developer/Xcode/DerivedData/ItaBinder-gsmdboxptclwhkattvtrxrtwvbdf/Build/Products/Debug-iphoneos/ItaBinder.app/ItaBinder.debug.dylib -o /Users/chenhaoran/Library/Developer/Xcode/DerivedData/ItaBinder-gsmdboxptclwhkattvtrxrtwvbdf/Build/Products/Debug-iphoneos/ItaBinder.app/ItaBinder

CopySwiftLibs /Users/chenhaoran/Library/Developer/Xcode/DerivedData/ItaBinder-gsmdboxptclwhkattvtrxrtwvbdf/Build/Products/Debug-iphoneos/ItaBinder.app (in target 'ItaBinder' from project 'ItaBinder')
    cd /Users/chenhaoran/Documents/Antigravity/ItaBinder
    builtin-swiftStdLibTool --copy --verbose --scan-executable /Users/chenhaoran/Library/Developer/Xcode/DerivedData/ItaBinder-gsmdboxptclwhkattvtrxrtwvbdf/Build/Products/Debug-iphoneos/ItaBinder.app/ItaBinder.debug.dylib --scan-folder /Users/chenhaoran/Library/Developer/Xcode/DerivedData/ItaBinder-gsmdboxptclwhkattvtrxrtwvbdf/Build/Products/Debug-iphoneos/ItaBinder.app/Frameworks --scan-folder /Users/chenhaoran/Library/Developer/Xcode/DerivedData/ItaBinder-gsmdboxptclwhkattvtrxrtwvbdf/Build/Products/Debug-iphoneos/ItaBinder.app/PlugIns --scan-folder /Users/chenhaoran/Library/Developer/Xcode/DerivedData/ItaBinder-gsmdboxptclwhkattvtrxrtwvbdf/Build/Products/Debug-iphoneos/ItaBinder.app/SystemExtensions --scan-folder /Users/chenhaoran/Library/Developer/Xcode/DerivedData/ItaBinder-gsmdboxptclwhkattvtrxrtwvbdf/Build/Products/Debug-iphoneos/ItaBinder.app/Extensions --platform iphoneos --toolchain /Applications/Xcode.app/Contents/Developer/Toolchains/XcodeDefault.xctoolchain --destination /Users/chenhaoran/Library/Developer/Xcode/DerivedData/ItaBinder-gsmdboxptclwhkattvtrxrtwvbdf/Build/Products/Debug-iphoneos/ItaBinder.app/Frameworks --strip-bitcode --strip-bitcode-tool /Applications/Xcode.app/Contents/Developer/Toolchains/XcodeDefault.xctoolchain/usr/bin/bitcode_strip --emit-dependency-info /Users/chenhaoran/Library/Developer/Xcode/DerivedData/ItaBinder-gsmdboxptclwhkattvtrxrtwvbdf/Build/Intermediates.noindex/ItaBinder.build/Debug-iphoneos/ItaBinder.build/SwiftStdLibToolInputDependencies.dep --filter-for-swift-os --back-deploy-swift-span
Ignoring --strip-bitcode because --sign was not passed

ExtractAppIntentsMetadata (in target 'ItaBinder' from project 'ItaBinder')
    cd /Users/chenhaoran/Documents/Antigravity/ItaBinder
    /Applications/Xcode.app/Contents/Developer/Toolchains/XcodeDefault.xctoolchain/usr/bin/appintentsmetadataprocessor --toolchain-dir /Applications/Xcode.app/Contents/Developer/Toolchains/XcodeDefault.xctoolchain --module-name ItaBinder --sdk-root /Applications/Xcode.app/Contents/Developer/Platforms/iPhoneOS.platform/Developer/SDKs/iPhoneOS26.2.sdk --xcode-version 17C529 --platform-family iOS --deployment-target 18.4 --bundle-identifier com.buleegasy.ItaBinder --output /Users/chenhaoran/Library/Developer/Xcode/DerivedData/ItaBinder-gsmdboxptclwhkattvtrxrtwvbdf/Build/Products/Debug-iphoneos/ItaBinder.app --target-triple arm64-apple-ios18.4 --binary-file /Users/chenhaoran/Library/Developer/Xcode/DerivedData/ItaBinder-gsmdboxptclwhkattvtrxrtwvbdf/Build/Products/Debug-iphoneos/ItaBinder.app/ItaBinder --dependency-file /Users/chenhaoran/Library/Developer/Xcode/DerivedData/ItaBinder-gsmdboxptclwhkattvtrxrtwvbdf/Build/Intermediates.noindex/ItaBinder.build/Debug-iphoneos/ItaBinder.build/Objects-normal/arm64/ItaBinder_dependency_info.dat --stringsdata-file /Users/chenhaoran/Library/Developer/Xcode/DerivedData/ItaBinder-gsmdboxptclwhkattvtrxrtwvbdf/Build/Intermediates.noindex/ItaBinder.build/Debug-iphoneos/ItaBinder.build/Objects-normal/arm64/ExtractedAppShortcutsMetadata.stringsdata --source-file-list /Users/chenhaoran/Library/Developer/Xcode/DerivedData/ItaBinder-gsmdboxptclwhkattvtrxrtwvbdf/Build/Intermediates.noindex/ItaBinder.build/Debug-iphoneos/ItaBinder.build/Objects-normal/arm64/ItaBinder.SwiftFileList --metadata-file-list /Users/chenhaoran/Library/Developer/Xcode/DerivedData/ItaBinder-gsmdboxptclwhkattvtrxrtwvbdf/Build/Intermediates.noindex/ItaBinder.build/Debug-iphoneos/ItaBinder.build/ItaBinder.DependencyMetadataFileList --static-metadata-file-list /Users/chenhaoran/Library/Developer/Xcode/DerivedData/ItaBinder-gsmdboxptclwhkattvtrxrtwvbdf/Build/Intermediates.noindex/ItaBinder.build/Debug-iphoneos/ItaBinder.build/ItaBinder.DependencyStaticMetadataFileList --swift-const-vals-list /Users/chenhaoran/Library/Developer/Xcode/DerivedData/ItaBinder-gsmdboxptclwhkattvtrxrtwvbdf/Build/Intermediates.noindex/ItaBinder.build/Debug-iphoneos/ItaBinder.build/Objects-normal/arm64/ItaBinder.SwiftConstValuesFileList --compile-time-extraction --deployment-aware-processing --validate-assistant-intents --no-app-shortcuts-localization
2026-03-15 21:58:59.044 appintentsmetadataprocessor[13336:9794800] Starting appintentsmetadataprocessor export
2026-03-15 21:58:59.048 appintentsmetadataprocessor[13336:9794800] warning: Metadata extraction skipped. No AppIntents.framework dependency found.

AppIntentsSSUTraining (in target 'ItaBinder' from project 'ItaBinder')
    cd /Users/chenhaoran/Documents/Antigravity/ItaBinder
    /Applications/Xcode.app/Contents/Developer/Toolchains/XcodeDefault.xctoolchain/usr/bin/appintentsnltrainingprocessor --infoplist-path /Users/chenhaoran/Library/Developer/Xcode/DerivedData/ItaBinder-gsmdboxptclwhkattvtrxrtwvbdf/Build/Products/Debug-iphoneos/ItaBinder.app/Info.plist --temp-dir-path /Users/chenhaoran/Library/Developer/Xcode/DerivedData/ItaBinder-gsmdboxptclwhkattvtrxrtwvbdf/Build/Intermediates.noindex/ItaBinder.build/Debug-iphoneos/ItaBinder.build/ssu --bundle-id com.buleegasy.ItaBinder --product-path /Users/chenhaoran/Library/Developer/Xcode/DerivedData/ItaBinder-gsmdboxptclwhkattvtrxrtwvbdf/Build/Products/Debug-iphoneos/ItaBinder.app --extracted-metadata-path /Users/chenhaoran/Library/Developer/Xcode/DerivedData/ItaBinder-gsmdboxptclwhkattvtrxrtwvbdf/Build/Products/Debug-iphoneos/ItaBinder.app/Metadata.appintents --metadata-file-list /Users/chenhaoran/Library/Developer/Xcode/DerivedData/ItaBinder-gsmdboxptclwhkattvtrxrtwvbdf/Build/Intermediates.noindex/ItaBinder.build/Debug-iphoneos/ItaBinder.build/ItaBinder.DependencyMetadataFileList --archive-ssu-assets
2026-03-15 21:58:59.075 appintentsnltrainingprocessor[13337:9794801] Parsing options for appintentsnltrainingprocessor
2026-03-15 21:58:59.075 appintentsnltrainingprocessor[13337:9794801] No AppShortcuts found - Skipping.

RegisterExecutionPolicyException /Users/chenhaoran/Library/Developer/Xcode/DerivedData/ItaBinder-gsmdboxptclwhkattvtrxrtwvbdf/Build/Products/Debug-iphoneos/ItaBinder.app (in target 'ItaBinder' from project 'ItaBinder')
    cd /Users/chenhaoran/Documents/Antigravity/ItaBinder
    builtin-RegisterExecutionPolicyException /Users/chenhaoran/Library/Developer/Xcode/DerivedData/ItaBinder-gsmdboxptclwhkattvtrxrtwvbdf/Build/Products/Debug-iphoneos/ItaBinder.app

Validate /Users/chenhaoran/Library/Developer/Xcode/DerivedData/ItaBinder-gsmdboxptclwhkattvtrxrtwvbdf/Build/Products/Debug-iphoneos/ItaBinder.app (in target 'ItaBinder' from project 'ItaBinder')
    cd /Users/chenhaoran/Documents/Antigravity/ItaBinder
    builtin-validationUtility /Users/chenhaoran/Library/Developer/Xcode/DerivedData/ItaBinder-gsmdboxptclwhkattvtrxrtwvbdf/Build/Products/Debug-iphoneos/ItaBinder.app -shallow-bundle -infoplist-subpath Info.plist

Touch /Users/chenhaoran/Library/Developer/Xcode/DerivedData/ItaBinder-gsmdboxptclwhkattvtrxrtwvbdf/Build/Products/Debug-iphoneos/ItaBinder.app (in target 'ItaBinder' from project 'ItaBinder')
    cd /Users/chenhaoran/Documents/Antigravity/ItaBinder
    /usr/bin/touch -c /Users/chenhaoran/Library/Developer/Xcode/DerivedData/ItaBinder-gsmdboxptclwhkattvtrxrtwvbdf/Build/Products/Debug-iphoneos/ItaBinder.app

** BUILD SUCCEEDED **

